// Jest Snapshot v1, https://goo.gl/fbAQLP

exports[`ApplicationDeploymentPipeline ApplicationDeploymentPipeline renders correctly. 1`] = `
<div
  id="DeploymentPipeline"
>
  Deployment Pipeline
</div>
`;
