// Jest Snapshot v1, https://goo.gl/fbAQLP

exports[`HealthOverview mock components renders as expected 1`] = `
<div
  id="health-overview"
>
  <div>
    <div
      className="dashboard-section-modules"
    />
  </div>
</div>
`;

exports[`HealthOverview no components renders as expected 1`] = `
<div
  id="health-overview"
>
  <div>
    <div
      className="dashboard-section-modules"
    />
  </div>
</div>
`;
