// Jest Snapshot v1, https://goo.gl/fbAQLP

exports[`StatusOverview no components renders as expected 1`] = `
<div
  id="resource-utilization"
>
  <div>
    <div
      className="dashboard-section-title"
    >
      <h2>
        Resource Utilization
      </h2>
    </div>
    <div
      className="dashboard-section-modules"
    />
  </div>
</div>
`;

exports[`StatusOverview no components renders as expected 2`] = `
<div
  id="resource-utilization"
>
  <div>
    <div
      className="dashboard-section-title"
    >
      <h2>
        Resource Utilization
      </h2>
    </div>
    <div
      className="dashboard-section-modules"
    />
  </div>
</div>
`;
