// Jest Snapshot v1, https://goo.gl/fbAQLP

exports[`ApplicationDeployableHighlights ApplicationDeployableHighlights renders correctly. 1`] = `
<div
  id="ApplicationDeployableHighlights"
>
  <div
    className="deployable-highlights-header"
  >
    Deployable Highlights
  </div>
  <div
    className="deployable-highlights-container"
  >
    <div
      className="deployable-highlights-info"
    >
      <div
        id="CountsCardModule"
        style={Object {}}
      >
        <div
          className="card-container"
        >
          <div
            className="card-container-content"
          >
            <div
              className="card-count-type"
              onClick={[Function]}
              onKeyPress={[Function]}
              role="button"
              tabIndex="0"
            >
              <div
                className="card-count"
              >
                5
              </div>
              <div
                className="card-type"
              >
                <div>
                  Versions
                </div>
              </div>
            </div>
            <div
              className="card-count-type"
              onClick={[Function]}
              onKeyPress={[Function]}
              role="button"
              tabIndex="0"
            >
              <div
                className="card-count"
              >
                3
              </div>
              <div
                className="card-type"
              >
                <div>
                  Completed
                </div>
              </div>
            </div>
            <div
              className="card-count-type"
              onClick={[Function]}
              onKeyPress={[Function]}
              role="button"
              tabIndex="0"
            >
              <div
                className="card-count"
              >
                1
              </div>
              <div
                className="card-type"
              >
                <div>
                  Failed
                </div>
              </div>
            </div>
            <div
              className="card-count-type"
              onClick={[Function]}
              onKeyPress={[Function]}
              role="button"
              tabIndex="0"
            >
              <div
                className="card-count"
              >
                1
              </div>
              <div
                className="card-type"
              >
                <div>
                  In Progress
                </div>
              </div>
            </div>
            <div
              className="card-count-type"
              onClick={[Function]}
              onKeyPress={[Function]}
              role="button"
              tabIndex="0"
            >
              <div
                className="card-count"
              >
                0
              </div>
              <div
                className="card-type"
              >
                <div>
                  Pending
                </div>
              </div>
            </div>
          </div>
        </div>
      </div>
    </div>
    <div
      className="deployable-highlights-incidents"
    >
      <div
        id="CountsCardModule"
        style={Object {}}
      >
        <div
          className="card-container"
        >
          <div
            className="card-container-content"
          >
            <div
              className="card-count-type"
              onClick={[Function]}
              onKeyPress={[Function]}
              role="button"
              tabIndex="0"
            >
              <div
                className="card-count"
              >
                1
              </div>
              <div
                className="card-type"
              >
                <div>
                  Incidents
                </div>
              </div>
            </div>
          </div>
        </div>
      </div>
    </div>
  </div>
</div>
`;
