// Jest Snapshot v1, https://goo.gl/fbAQLP

exports[`ApplicationDeploymentHighlightsSummary ApplicationDeploymentHighlightsSummary renders correctly. 1`] = `
<div
  id="ApplicationDeploymentHighlightsSummary"
>
  <div
    class="content-container"
  >
    <div
      class="deployment-summary-container"
    >
      Deployment Summary
      <div
        class="deployment-summary-content"
      />
    </div>
    <div
      class="deployment-status-container"
    >
      Deployment Status
      <div
        class="deployment-status-content"
      />
    </div>
  </div>
</div>
`;
