// Jest Snapshot v1, https://goo.gl/fbAQLP

exports[`DiagramViewer 3 components renders as expected 1`] = `
<div
  className="diagramViewerDiagram"
>
  <div
    className="diagramViewerTitle"
  >
    
  </div>
  <div
    className="diagramViewerContainerContainer"
  >
    <div
      aria-label="zoom"
      className="diagramViewerContainer"
      role="region"
      style={
        Object {
          "height": "100%",
          "width": "100%",
        }
      }
    >
      <svg
        className="topologyDiagram"
        id="svgId"
      />
    </div>
  </div>
  <div
    className="diagramRefreshContainer"
  >
    <div
      aria-live="assertive"
      className="bx--loading bx--loading--small"
    >
      <svg
        className="bx--loading__svg"
        viewBox="-75 -75 150 150"
      >
        <circle
          cx="0"
          cy="0"
          r="37.5"
        />
      </svg>
    </div>
    <div>
      
    </div>
  </div>
  <input
    alt="zoom-in"
    className="zoom-in"
    onClick={[Function]}
    src="undefined/graphics/zoom-in.svg"
    type="image"
  />
  <input
    alt="zoom-out"
    className="zoom-out"
    onClick={[Function]}
    src="undefined/graphics/zoom-out.svg"
    type="image"
  />
  <input
    alt="zoom-target"
    className="zoom-target"
    onClick={[Function]}
    src="undefined/graphics/zoom-center.svg"
    type="image"
  />
  <div
    className="designView"
  >
    <div
      aria-label=""
      className="bx--modal bx--modal-tall modal"
      onBlur={[Function]}
      onClick={[Function]}
      onKeyDown={[Function]}
      onTransitionEnd={undefined}
      role="presentation"
      tabIndex={-1}
    >
      <div
        aria-label={undefined}
        className="bx--modal-container"
        role="dialog"
      >
        <div
          className="bx--modal-header"
        >
          
          <h2
            className="bx--modal-header__heading"
          >
            
          </h2>
          <button
            className="bx--modal-close"
            onClick={[Function]}
            type="button"
          >
            <svg
              alt="close the modal"
              aria-label="close the modal"
              className="bx--modal-close__icon"
              fill={undefined}
              fillRule="evenodd"
              height="10"
              name={undefined}
              role="img"
              style={undefined}
              viewBox="0 0 10 10"
              width="10"
            >
              <title>
                close the modal
              </title>
              <path
                d="M6.32 5L10 8.68 8.68 10 5 6.32 1.32 10 0 8.68 3.68 5 0 1.32 1.32 0 5 3.68 8.68 0 10 1.32 6.32 5z"
              />
            </svg>
          </button>
        </div>
        <div
          className="bx--modal-content"
        >
          <div
            className="yamlEditorContainerContainer"
          >
            <div
              className="yamlEditorContainer"
            >
              <div
                id="brace-editor"
                style={
                  Object {
                    "height": "100%",
                    "width": "100%",
                  }
                }
              />
            </div>
          </div>
        </div>
        <div
          className="bx--modal-footer"
        >
          <div
            className="bx--modal__buttons-container"
          >
            <button
              className="bx--btn bx--btn--secondary"
              disabled={false}
              onClick={[Function]}
              tabIndex={0}
              type="button"
            />
            <button
              className="bx--btn bx--btn--primary"
              disabled={false}
              inputref={
                Object {
                  "current": null,
                }
              }
              onClick={[Function]}
              tabIndex={0}
              type="button"
            />
          </div>
        </div>
      </div>
    </div>
  </div>
  
</div>
`;

exports[`DiagramViewer no components renders as expected 1`] = `
<div
  className="diagramViewerDiagram"
>
  <div
    className="diagramViewerTitle"
  />
  <div
    className="diagramViewerContainerContainer"
  >
    <div
      aria-label="zoom"
      className="diagramViewerContainer"
      role="region"
      style={
        Object {
          "height": "100%",
          "width": "100%",
        }
      }
    >
      <svg
        className="topologyDiagram"
        id="svgId"
      />
    </div>
  </div>
  <div
    className="diagramRefreshContainer"
  >
    <div
      aria-live="assertive"
      className="bx--loading bx--loading--small"
    >
      <svg
        className="bx--loading__svg"
        viewBox="-75 -75 150 150"
      >
        <circle
          cx="0"
          cy="0"
          r="37.5"
        />
      </svg>
    </div>
    <div>
      
    </div>
  </div>
  <input
    alt="zoom-in"
    className="zoom-in"
    onClick={[Function]}
    src="undefined/graphics/zoom-in.svg"
    type="image"
  />
  <input
    alt="zoom-out"
    className="zoom-out"
    onClick={[Function]}
    src="undefined/graphics/zoom-out.svg"
    type="image"
  />
  <input
    alt="zoom-target"
    className="zoom-target"
    onClick={[Function]}
    src="undefined/graphics/zoom-center.svg"
    type="image"
  />
  <div
    className="designView"
  >
    <div
      aria-label=""
      className="bx--modal bx--modal-tall modal"
      onBlur={[Function]}
      onClick={[Function]}
      onKeyDown={[Function]}
      onTransitionEnd={undefined}
      role="presentation"
      tabIndex={-1}
    >
      <div
        aria-label={undefined}
        className="bx--modal-container"
        role="dialog"
      >
        <div
          className="bx--modal-header"
        >
          
          <h2
            className="bx--modal-header__heading"
          >
            
          </h2>
          <button
            className="bx--modal-close"
            onClick={[Function]}
            type="button"
          >
            <svg
              alt="close the modal"
              aria-label="close the modal"
              className="bx--modal-close__icon"
              fill={undefined}
              fillRule="evenodd"
              height="10"
              name={undefined}
              role="img"
              style={undefined}
              viewBox="0 0 10 10"
              width="10"
            >
              <title>
                close the modal
              </title>
              <path
                d="M6.32 5L10 8.68 8.68 10 5 6.32 1.32 10 0 8.68 3.68 5 0 1.32 1.32 0 5 3.68 8.68 0 10 1.32 6.32 5z"
              />
            </svg>
          </button>
        </div>
        <div
          className="bx--modal-content"
        >
          <div
            className="yamlEditorContainerContainer"
          >
            <div
              className="yamlEditorContainer"
            >
              <div
                id="brace-editor"
                style={
                  Object {
                    "height": "100%",
                    "width": "100%",
                  }
                }
              />
            </div>
          </div>
        </div>
        <div
          className="bx--modal-footer"
        >
          <div
            className="bx--modal__buttons-container"
          >
            <button
              className="bx--btn bx--btn--secondary"
              disabled={false}
              onClick={[Function]}
              tabIndex={0}
              type="button"
            />
            <button
              className="bx--btn bx--btn--primary"
              disabled={false}
              inputref={
                Object {
                  "current": null,
                }
              }
              onClick={[Function]}
              tabIndex={0}
              type="button"
            />
          </div>
        </div>
      </div>
    </div>
  </div>
  
</div>
`;
