// Jest Snapshot v1, https://goo.gl/fbAQLP

exports[`App App renders correctly with data on single app. 1`] = `
<div
  className="expand-vertically"
>
  <div
    className="expand-vertically"
  >
    <div
      id="ApplicationSecondaryHeader"
    >
      <div
        aria-label="undefined secondary"
        className="secondary-header-wrapper-min"
        role="region"
      >
        <div
          className="secondary-header simple-header"
        >
          <h1
            className="bx--detail-page-header-title"
          >
            undefined
          </h1>
        </div>
      </div>
    </div>
    <input
      id="app-access"
      style={
        Object {
          "display": "none",
        }
      }
      type="hidden"
      value="test"
    />
  </div>
</div>
`;
