// Jest Snapshot v1, https://goo.gl/fbAQLP

exports[`TemplateEditor component renders as expected 1`] = `
<div
  className="creation-view"
>
  <div
    className="creation-view-split-container"
  >
    <div
      className="creation-view-controls-container"
    >
      <div
        className="creation-view-controls"
        onScroll={[Function]}
      >
        <div
          className="content"
        >
          <div
            className="creation-view-controls-title"
            id="main-"
            onClick={[Function]}
            onKeyPress={[Function]}
            role="button"
            tabIndex="0"
          >
            <div
              className="creation-view-controls-note"
            >
              All fields marked with an asterisk (*) are mandatory. Fill out the form or edit the YAML directly.
            </div>
            <div
              className="creation-view-controls-title-normal-container"
            />
          </div>
          <div
            className="creation-view-controls-section"
          >
            <div
              className="creation-view-controls-textbox"
              style={
                Object {
                  "display": "",
                }
              }
            >
              <div
                className="creation-view-controls-textbox-title"
              >
                Name
                <div
                  className="creation-view-controls-required"
                >
                  *
                </div>
              </div>
              <div
                className="bx--form-item"
              >
                <input
                  autoComplete="no"
                  className="bx--text-input bx--text__input"
                  disabled={false}
                  id="name"
                  onChange={[Function]}
                  onClick={[Function]}
                  placeholder="Enter {0}"
                  spellCheck={false}
                  type="text"
                  value=""
                />
              </div>
            </div>
            <div
              className="creation-view-controls-textbox"
              style={
                Object {
                  "display": "",
                }
              }
            >
              <div
                className="creation-view-controls-textbox-title"
              >
                Namespace
                <div
                  className="creation-view-controls-required"
                >
                  *
                </div>
              </div>
              <div
                className="bx--form-item"
              >
                <input
                  autoComplete="no"
                  className="bx--text-input bx--text__input"
                  disabled={false}
                  id="namespace"
                  onChange={[Function]}
                  onClick={[Function]}
                  placeholder="Enter {0}"
                  spellCheck={false}
                  type="text"
                  value=""
                />
              </div>
            </div>
          </div>
        </div>
      </div>
      <div
        className="creation-view-controls-container-blurr bottom"
      />
    </div>
  </div>
</div>
`;
