// Jest Snapshot v1, https://goo.gl/fbAQLP

exports[`CountsCardModule CountsCardModule renders correctly. 1`] = `
<div
  id="CountsCardModule"
>
  <div
    className="card-container"
  >
    <div
      className="card-content"
    >
      <div
        className="card-inner-content"
      >
        <div
          className="card-count-type hasBorder"
          onClick={[Function]}
          onKeyPress={[Function]}
          role="button"
          tabIndex="0"
        >
          <div
            className="card-count"
          >
            3
          </div>
          <div
            className="card-type"
          >
            <div>
              Deployables
            </div>
          </div>
        </div>
        <div
          className="card-count-type"
          onClick={[Function]}
          onKeyPress={[Function]}
          role="button"
          tabIndex="0"
        >
          <div
            className="card-count"
          >
            1
          </div>
          <div
            className="card-type"
          >
            <div>
              Deployments
            </div>
          </div>
        </div>
        <div
          className="card-count-type"
          onClick={[Function]}
          onKeyPress={[Function]}
          role="button"
          tabIndex="0"
        >
          <div
            className="card-count"
          >
            0
          </div>
          <div
            className="card-type"
          >
            <div>
              Failed Deployments
            </div>
          </div>
        </div>
      </div>
    </div>
  </div>
</div>
`;
