// Jest Snapshot v1, https://goo.gl/fbAQLP

exports[`ResourceModal test renders as expected 1 1`] = `undefined`;

exports[`ResourceModal test renders as expected 1 2`] = `
<BrowserRouter>
  <Router
    history={
      Object {
        "action": "POP",
        "block": [Function],
        "createHref": [Function],
        "go": [Function],
        "goBack": [Function],
        "goForward": [Function],
        "length": 1,
        "listen": [Function],
        "location": Object {
          "hash": "",
          "pathname": "/",
          "search": "",
          "state": undefined,
        },
        "push": [Function],
        "replace": [Function],
      }
    }
  >
    <ResourceModal
      data={
        Object {
          "__typename": "Application",
          "_uid": "local-cluster/42d4c013-52b9-11ea-bf05-00000a102d26",
          "clusterCount": 0,
          "created": "2019-12-11T01:24:02Z",
          "dashboard": null,
          "hubSubscriptions": Array [],
          "kind": "HCMApplication",
          "metadata": Object {
            "selfLink": "/apis/app.k8s.io/v1beta1/namespaces/sample/applications/samplebook-gbap",
          },
          "name": "samplebook-gbap",
          "namespace": "sample",
          "podStatusCount": Object {},
          "remoteSubscriptionStatusCount": Object {},
          "selfLink": "/apis/app.k8s.io/v1beta1/namespaces/sample/applications/samplebook-gbap",
        }
      }
      handleClose={[MockFunction]}
      handleSubmit={[MockFunction]}
      label={
        Object {
          "heading": "modal.remove-hcmapplication.heading",
          "label": "modal.remove-hcmapplication.label",
          "pprimaryBtn": "modal.remove-hcmapplication.heading",
        }
      }
      locale="en"
      open={true}
      resourceType={
        Object {
          "list": "HCMApplicationList",
          "name": "HCMApplication",
        }
      }
      store={
        Object {
          "dispatch": [Function],
          "getState": [Function],
          "replaceReducer": [Function],
          "subscribe": [Function],
          Symbol(observable): [Function],
        }
      }
    >
      <div
        id="resource-modal-container"
        onKeyDown={[Function]}
        role="region"
        tabIndex="-1"
      >
         
        <Loading
          active={true}
          small={false}
          withOverlay={true}
        >
          <div
            className="bx--loading-overlay"
          >
            <div
              aria-live="assertive"
              className="bx--loading"
            >
              <svg
                className="bx--loading__svg"
                viewBox="-75 -75 150 150"
              >
                <circle
                  cx="0"
                  cy="0"
                  r="37.5"
                />
              </svg>
            </div>
          </div>
        </Loading>
        <ComposedModal
          aria-label="Delete application"
          className="modal-with-editor"
          id="resource-modal-[object Object]"
          onClose={[Function]}
          onKeyDown={[Function]}
          open={true}
          role="region"
          selectorPrimaryFocus="[data-modal-primary-focus]"
        >
          <div
            aria-label="Delete application"
            className="bx--modal is-visible modal-with-editor"
            id="resource-modal-[object Object]"
            onBlur={[Function]}
            onClick={[Function]}
            onClose={[Function]}
            onKeyDown={[Function]}
            onTransitionEnd={[Function]}
            open={true}
            role="presentation"
            tabIndex={-1}
          >
            <div
              className="bx--modal-container"
            >
              <ModalHeader
                buttonOnClick={[Function]}
                closeModal={[Function]}
                iconDescription="Close the modal"
                key=".0"
                title="Delete application"
              >
                <div
                  className="bx--modal-header"
                >
                  <p
                    className="bx--modal-header__heading bx--type-beta"
                  >
                    Delete application
                  </p>
                  <button
                    className="bx--modal-close"
                    onClick={[Function]}
                    type="button"
                  >
                    <Icon
                      className="bx--modal-close__icon"
                      description="Close the modal"
                      fillRule="evenodd"
                      icon={
                        Object {
                          "height": "10",
                          "id": "icon--close",
                          "name": "icon--close",
                          "styles": "",
                          "svgData": Object {
                            "circles": "",
                            "ellipses": "",
                            "paths": Array [
                              Object {
                                "d": "M6.32 5L10 8.68 8.68 10 5 6.32 1.32 10 0 8.68 3.68 5 0 1.32 1.32 0 5 3.68 8.68 0 10 1.32 6.32 5z",
                                "fill-rule": "nonzero",
                              },
                            ],
                            "polygons": "",
                            "polylines": "",
                            "rects": "",
                          },
                          "tags": "icon--close",
                          "viewBox": "0 0 10 10",
                          "width": "10",
                        }
                      }
                      role="img"
                    >
                      <svg
                        alt="Close the modal"
                        aria-label="Close the modal"
                        className="bx--modal-close__icon"
                        fillRule="evenodd"
                        height="10"
                        role="img"
                        viewBox="0 0 10 10"
                        width="10"
                      >
                        <title>
                          Close the modal
                        </title>
                        <path
                          d="M6.32 5L10 8.68 8.68 10 5 6.32 1.32 10 0 8.68 3.68 5 0 1.32 1.32 0 5 3.68 8.68 0 10 1.32 6.32 5z"
                          key="key0"
                        />
                      </svg>
                    </Icon>
                  </button>
                </div>
              </ModalHeader>
              <ModalBody
                key=".1"
              >
                <div
                  className="bx--modal-content"
                >
                  <div
                    className="help-link-edit"
                  >
                    <a
                      href="https://www.ibm.com/support/knowledgecenter/SSFC4F_1.2.0/mcm/applications/managing_apps.html"
                      target="_blank"
                    >
                      View doc
                    </a>
                    <a
                      href="https://www.ibm.com/support/knowledgecenter/SSFC4F_1.2.0/mcm/applications/managing_apps.html"
                      target="_blank"
                    >
                      <Icon
                        className="helpLinkIcon"
                        description=""
                        fill="#6089bf"
                        fillRule="evenodd"
                        name="icon--launch"
                        role="img"
                      >
                        <svg
                          alt=""
                          aria-label=""
                          className="helpLinkIcon"
                          fill="#6089bf"
                          fillRule="evenodd"
                          height="16"
                          name="icon--launch"
                          role="img"
                          viewBox="0 0 16 16"
                          width="16"
                        >
                          <title />
                          <path
                            d="M14.3 1h-3.8V0H16v5.5h-1V1.7L9.7 7 9 6.3 14.3 1z"
                            key="key0"
                          />
                          <path
                            d="M14.3 1h-3.8V0H16v5.5h-1V1.7L9.7 7 9 6.3 14.3 1z"
                            key="key1"
                          />
                          <path
                            d="M13 9h1v6c0 .6-.4 1-1 1H1c-.6 0-1-.4-1-1V3c0-.6.4-1 1-1h7v1H1v12h12V9z"
                            key="key2"
                          />
                        </svg>
                      </Icon>
                    </a>
                  </div>
                  <div>
                    <YamlEditor
                      onYamlChange={[Function]}
                      readOnly={false}
                    >
                      <div
                        className="yamlEditorContainer"
                      >
                        <IsomorphicEditor
                          editorProps={
                            Object {
                              "$blockScrolling": Infinity,
                            }
                          }
                          fontSize={12}
                          height="40vh"
                          highlightActiveLine={true}
                          mode="yaml"
                          onChange={[Function]}
                          setOptions={
                            Object {
                              "newLineMode": "unix",
                              "readOnly": false,
                              "showLineNumbers": true,
                              "tabSize": 2,
                            }
                          }
                          showGutter={true}
                          showPrintMargin={false}
                          theme="monokai"
                          width="100%"
                          wrapEnabled={false}
                        >
                          <ReactAce
                            cursorStart={1}
                            editorProps={
                              Object {
                                "$blockScrolling": Infinity,
                              }
                            }
                            enableBasicAutocompletion={false}
                            enableLiveAutocompletion={false}
                            focus={false}
                            fontSize={12}
                            height="40vh"
                            highlightActiveLine={true}
                            maxLines={null}
                            minLines={null}
                            mode="yaml"
                            name="brace-editor"
                            onChange={[Function]}
                            onLoad={null}
                            onPaste={null}
                            onScroll={null}
                            readOnly={false}
                            scrollMargin={
                              Array [
                                0,
                                0,
                                0,
                                0,
                              ]
                            }
                            setOptions={
                              Object {
                                "newLineMode": "unix",
                                "readOnly": false,
                                "showLineNumbers": true,
                                "tabSize": 2,
                              }
                            }
                            showGutter={true}
                            showPrintMargin={false}
                            style={Object {}}
                            tabSize={4}
                            theme="monokai"
                            value=""
                            width="100%"
                            wrapEnabled={false}
                          >
                            <div
                              id="brace-editor"
                              style={
                                Object {
                                  "height": "40vh",
                                  "width": "100%",
                                }
                              }
                            />
                          </ReactAce>
                        </IsomorphicEditor>
                      </div>
                    </YamlEditor>
                  </div>
                </div>
              </ModalBody>
              <ModalFooter
                closeModal={[Function]}
                inputref={
                  Object {
                    "current": <button
                      class="bx--btn bx--btn--primary"
                      inputref="[object Object]"
                      tabindex="0"
                      type="button"
                    >
                      Save
                    </button>,
                  }
                }
                key=".2"
                onRequestClose={[Function]}
                onRequestSubmit={[Function]}
                primaryButtonText="Save"
                secondaryButtonText="Cancel"
              >
                <div
                  className="bx--modal-footer"
                  inputref={
                    Object {
                      "current": <button
                        class="bx--btn bx--btn--primary"
                        inputref="[object Object]"
                        tabindex="0"
                        type="button"
                      >
                        Save
                      </button>,
                    }
                  }
                >
                  <Button
                    className=""
                    disabled={false}
                    iconDescription="Provide icon description if icon is used"
                    kind="secondary"
                    onClick={[Function]}
                    small={false}
                    tabIndex={0}
                    type="button"
                  >
                    <button
                      className="bx--btn bx--btn--secondary"
                      disabled={false}
                      onClick={[Function]}
                      tabIndex={0}
                      type="button"
                    >
                      Cancel
                    </button>
                  </Button>
                  <Button
                    className=""
                    disabled={false}
                    iconDescription="Provide icon description if icon is used"
                    inputref={
                      Object {
                        "current": <button
                          class="bx--btn bx--btn--primary"
                          inputref="[object Object]"
                          tabindex="0"
                          type="button"
                        >
                          Save
                        </button>,
                      }
                    }
                    kind="primary"
                    onClick={[Function]}
                    small={false}
                    tabIndex={0}
                    type="button"
                  >
                    <button
                      className="bx--btn bx--btn--primary"
                      disabled={false}
                      inputref={
                        Object {
                          "current": <button
                            class="bx--btn bx--btn--primary"
                            inputref="[object Object]"
                            tabindex="0"
                            type="button"
                          >
                            Save
                          </button>,
                        }
                      }
                      onClick={[Function]}
                      tabIndex={0}
                      type="button"
                    >
                      Save
                    </button>
                  </Button>
                </div>
              </ModalFooter>
            </div>
          </div>
        </ComposedModal>
      </div>
    </ResourceModal>
  </Router>
</BrowserRouter>
`;

exports[`ResourceModal test renders as expected 1 3`] = `
<BrowserRouter>
  <Router
    history={
      Object {
        "action": "POP",
        "block": [Function],
        "createHref": [Function],
        "go": [Function],
        "goBack": [Function],
        "goForward": [Function],
        "length": 1,
        "listen": [Function],
        "location": Object {
          "hash": "",
          "pathname": "/",
          "search": "",
          "state": undefined,
        },
        "push": [Function],
        "replace": [Function],
      }
    }
  >
    <ResourceModal
      data={
        Object {
          "__typename": "Application",
          "_uid": "local-cluster/42d4c013-52b9-11ea-bf05-00000a102d26",
          "clusterCount": 0,
          "created": "2019-12-11T01:24:02Z",
          "dashboard": null,
          "hubSubscriptions": Array [],
          "kind": "HCMApplication",
          "metadata": Object {
            "selfLink": "/apis/app.k8s.io/v1beta1/namespaces/sample/applications/samplebook-gbap",
          },
          "name": "samplebook-gbap",
          "namespace": "sample",
          "podStatusCount": Object {},
          "remoteSubscriptionStatusCount": Object {},
          "selfLink": "/apis/app.k8s.io/v1beta1/namespaces/sample/applications/samplebook-gbap",
        }
      }
      handleClose={[MockFunction]}
      handleSubmit={[MockFunction]}
      label={
        Object {
          "heading": "modal.remove-hcmapplication.heading",
          "label": "modal.remove-hcmapplication.label",
          "pprimaryBtn": "modal.remove-hcmapplication.heading",
        }
      }
      locale="en"
      open={true}
      resourceType={
        Object {
          "list": "HCMApplicationList",
          "name": "HCMApplication",
        }
      }
      store={
        Object {
          "dispatch": [Function],
          "getState": [Function],
          "replaceReducer": [Function],
          "subscribe": [Function],
          Symbol(observable): [Function],
        }
      }
    >
      <div
        id="resource-modal-container"
        onKeyDown={[Function]}
        role="region"
        tabIndex="-1"
      >
         
        <Loading
          active={true}
          small={false}
          withOverlay={true}
        >
          <div
            className="bx--loading-overlay"
          >
            <div
              aria-live="assertive"
              className="bx--loading"
            >
              <svg
                className="bx--loading__svg"
                viewBox="-75 -75 150 150"
              >
                <circle
                  cx="0"
                  cy="0"
                  r="37.5"
                />
              </svg>
            </div>
          </div>
        </Loading>
        <ComposedModal
          aria-label="Delete application"
          className="modal-with-editor"
          id="resource-modal-[object Object]"
          onClose={[Function]}
          onKeyDown={[Function]}
          open={true}
          role="region"
          selectorPrimaryFocus="[data-modal-primary-focus]"
        >
          <div
            aria-label="Delete application"
            className="bx--modal is-visible modal-with-editor"
            id="resource-modal-[object Object]"
            onBlur={[Function]}
            onClick={[Function]}
            onClose={[Function]}
            onKeyDown={[Function]}
            onTransitionEnd={[Function]}
            open={true}
            role="presentation"
            tabIndex={-1}
          >
            <div
              className="bx--modal-container"
            >
              <ModalHeader
                buttonOnClick={[Function]}
                closeModal={[Function]}
                iconDescription="Close the modal"
                key=".0"
                title="Delete application"
              >
                <div
                  className="bx--modal-header"
                >
                  <p
                    className="bx--modal-header__heading bx--type-beta"
                  >
                    Delete application
                  </p>
                  <button
                    className="bx--modal-close"
                    onClick={[Function]}
                    type="button"
                  >
                    <Icon
                      className="bx--modal-close__icon"
                      description="Close the modal"
                      fillRule="evenodd"
                      icon={
                        Object {
                          "height": "10",
                          "id": "icon--close",
                          "name": "icon--close",
                          "styles": "",
                          "svgData": Object {
                            "circles": "",
                            "ellipses": "",
                            "paths": Array [
                              Object {
                                "d": "M6.32 5L10 8.68 8.68 10 5 6.32 1.32 10 0 8.68 3.68 5 0 1.32 1.32 0 5 3.68 8.68 0 10 1.32 6.32 5z",
                                "fill-rule": "nonzero",
                              },
                            ],
                            "polygons": "",
                            "polylines": "",
                            "rects": "",
                          },
                          "tags": "icon--close",
                          "viewBox": "0 0 10 10",
                          "width": "10",
                        }
                      }
                      role="img"
                    >
                      <svg
                        alt="Close the modal"
                        aria-label="Close the modal"
                        className="bx--modal-close__icon"
                        fillRule="evenodd"
                        height="10"
                        role="img"
                        viewBox="0 0 10 10"
                        width="10"
                      >
                        <title>
                          Close the modal
                        </title>
                        <path
                          d="M6.32 5L10 8.68 8.68 10 5 6.32 1.32 10 0 8.68 3.68 5 0 1.32 1.32 0 5 3.68 8.68 0 10 1.32 6.32 5z"
                          key="key0"
                        />
                      </svg>
                    </Icon>
                  </button>
                </div>
              </ModalHeader>
              <ModalBody
                key=".1"
              >
                <div
                  className="bx--modal-content"
                >
                  <div
                    className="help-link-edit"
                  >
                    <a
                      href="https://www.ibm.com/support/knowledgecenter/SSFC4F_1.2.0/mcm/applications/managing_apps.html"
                      target="_blank"
                    >
                      View doc
                    </a>
                    <a
                      href="https://www.ibm.com/support/knowledgecenter/SSFC4F_1.2.0/mcm/applications/managing_apps.html"
                      target="_blank"
                    >
                      <Icon
                        className="helpLinkIcon"
                        description=""
                        fill="#6089bf"
                        fillRule="evenodd"
                        name="icon--launch"
                        role="img"
                      >
                        <svg
                          alt=""
                          aria-label=""
                          className="helpLinkIcon"
                          fill="#6089bf"
                          fillRule="evenodd"
                          height="16"
                          name="icon--launch"
                          role="img"
                          viewBox="0 0 16 16"
                          width="16"
                        >
                          <title />
                          <path
                            d="M14.3 1h-3.8V0H16v5.5h-1V1.7L9.7 7 9 6.3 14.3 1z"
                            key="key0"
                          />
                          <path
                            d="M14.3 1h-3.8V0H16v5.5h-1V1.7L9.7 7 9 6.3 14.3 1z"
                            key="key1"
                          />
                          <path
                            d="M13 9h1v6c0 .6-.4 1-1 1H1c-.6 0-1-.4-1-1V3c0-.6.4-1 1-1h7v1H1v12h12V9z"
                            key="key2"
                          />
                        </svg>
                      </Icon>
                    </a>
                  </div>
                  <div>
                    <YamlEditor
                      onYamlChange={[Function]}
                      readOnly={false}
                    >
                      <div
                        className="yamlEditorContainer"
                      >
                        <IsomorphicEditor
                          editorProps={
                            Object {
                              "$blockScrolling": Infinity,
                            }
                          }
                          fontSize={12}
                          height="40vh"
                          highlightActiveLine={true}
                          mode="yaml"
                          onChange={[Function]}
                          setOptions={
                            Object {
                              "newLineMode": "unix",
                              "readOnly": false,
                              "showLineNumbers": true,
                              "tabSize": 2,
                            }
                          }
                          showGutter={true}
                          showPrintMargin={false}
                          theme="monokai"
                          width="100%"
                          wrapEnabled={false}
                        >
                          <ReactAce
                            cursorStart={1}
                            editorProps={
                              Object {
                                "$blockScrolling": Infinity,
                              }
                            }
                            enableBasicAutocompletion={false}
                            enableLiveAutocompletion={false}
                            focus={false}
                            fontSize={12}
                            height="40vh"
                            highlightActiveLine={true}
                            maxLines={null}
                            minLines={null}
                            mode="yaml"
                            name="brace-editor"
                            onChange={[Function]}
                            onLoad={null}
                            onPaste={null}
                            onScroll={null}
                            readOnly={false}
                            scrollMargin={
                              Array [
                                0,
                                0,
                                0,
                                0,
                              ]
                            }
                            setOptions={
                              Object {
                                "newLineMode": "unix",
                                "readOnly": false,
                                "showLineNumbers": true,
                                "tabSize": 2,
                              }
                            }
                            showGutter={true}
                            showPrintMargin={false}
                            style={Object {}}
                            tabSize={4}
                            theme="monokai"
                            value=""
                            width="100%"
                            wrapEnabled={false}
                          >
                            <div
                              id="brace-editor"
                              style={
                                Object {
                                  "height": "40vh",
                                  "width": "100%",
                                }
                              }
                            />
                          </ReactAce>
                        </IsomorphicEditor>
                      </div>
                    </YamlEditor>
                  </div>
                </div>
              </ModalBody>
              <ModalFooter
                closeModal={[Function]}
                inputref={
                  Object {
                    "current": <button
                      class="bx--btn bx--btn--primary"
                      inputref="[object Object]"
                      tabindex="0"
                      type="button"
                    >
                      Save
                    </button>,
                  }
                }
                key=".2"
                onRequestClose={[Function]}
                onRequestSubmit={[Function]}
                primaryButtonText="Save"
                secondaryButtonText="Cancel"
              >
                <div
                  className="bx--modal-footer"
                  inputref={
                    Object {
                      "current": <button
                        class="bx--btn bx--btn--primary"
                        inputref="[object Object]"
                        tabindex="0"
                        type="button"
                      >
                        Save
                      </button>,
                    }
                  }
                >
                  <Button
                    className=""
                    disabled={false}
                    iconDescription="Provide icon description if icon is used"
                    kind="secondary"
                    onClick={[Function]}
                    small={false}
                    tabIndex={0}
                    type="button"
                  >
                    <button
                      className="bx--btn bx--btn--secondary"
                      disabled={false}
                      onClick={[Function]}
                      tabIndex={0}
                      type="button"
                    >
                      Cancel
                    </button>
                  </Button>
                  <Button
                    className=""
                    disabled={false}
                    iconDescription="Provide icon description if icon is used"
                    inputref={
                      Object {
                        "current": <button
                          class="bx--btn bx--btn--primary"
                          inputref="[object Object]"
                          tabindex="0"
                          type="button"
                        >
                          Save
                        </button>,
                      }
                    }
                    kind="primary"
                    onClick={[Function]}
                    small={false}
                    tabIndex={0}
                    type="button"
                  >
                    <button
                      className="bx--btn bx--btn--primary"
                      disabled={false}
                      inputref={
                        Object {
                          "current": <button
                            class="bx--btn bx--btn--primary"
                            inputref="[object Object]"
                            tabindex="0"
                            type="button"
                          >
                            Save
                          </button>,
                        }
                      }
                      onClick={[Function]}
                      tabIndex={0}
                      type="button"
                    >
                      Save
                    </button>
                  </Button>
                </div>
              </ModalFooter>
            </div>
          </div>
        </ComposedModal>
      </div>
    </ResourceModal>
  </Router>
</BrowserRouter>
`;
