// Jest Snapshot v1, https://goo.gl/fbAQLP

exports[`ScrollBox renders ok as expected 1`] = `
<div
  className="hcmapplication"
  tabIndex="0"
>
  <pre>
    test
  </pre>
</div>
`;
