// Jest Snapshot v1, https://goo.gl/fbAQLP

exports[`FilterButton component renders as expected 1`] = `
<div
  className="dashboard-filter"
>
  <div
    className="dashboard-filterButton"
  >
    <svg
      alt="filter"
      aria-label="filter"
      className="icon--filter--glyph"
      fillRule="evenodd"
      height="16"
      name="icon--filter--glyph"
      role="img"
      viewBox="0 0 16 16"
      width="16"
    >
      <title>
        filter
      </title>
      <path
        d="M5 0C3.7 0 2.6.8 2.2 2H0v2h2.2C2.6 5.2 3.7 6 5 6c1.3 0 2.4-.8 2.8-2H16V2H7.8C7.4.8 6.3 0 5 0zm0 4c-.6 0-1-.4-1-1s.4-1 1-1 1 .4 1 1-.4 1-1 1zm0 6c-1.3 0-2.4.8-2.8 2H0v2h2.2c.4 1.2 1.5 2 2.8 2 1.3 0 2.4-.8 2.8-2H16v-2H7.8c-.4-1.2-1.5-2-2.8-2zm0 4c-.6 0-1-.4-1-1s.4-1 1-1 1 .4 1 1-.4 1-1 1z"
      />
      <path
        d="M11 5c-1.3 0-2.4.8-2.8 2H0v2h8.2c.4 1.2 1.5 2 2.8 2 1.3 0 2.4-.8 2.8-2H16V7h-2.2c-.4-1.2-1.5-2-2.8-2zm0 4c-.6 0-1-.4-1-1s.4-1 1-1 1 .4 1 1-.4 1-1 1z"
      />
    </svg>
  </div>
</div>
`;
