// Jest Snapshot v1, https://goo.gl/fbAQLP

exports[`ApplicationDeploymentHighlights ApplicationDeploymentHighlights renders correctly. 1`] = `
<div
  id="DeploymentHighlights"
>
  Deployment Highlights
  <div
    id="ApplicationDeploymentHighlightsTerminology"
  >
    <ul
      className="bx--accordion"
    >
      <li
        className="bx--accordion__item"
        onClick={[Function]}
        onKeyPress={[Function]}
        open={false}
        role="presentation"
      >
        <button
          aria-expanded={false}
          className="bx--accordion__heading"
          onClick={[Function]}
          type="button"
        >
          <svg
            alt="Expand/Collapse"
            aria-label="Expand/Collapse"
            className="bx--accordion__arrow"
            fill={undefined}
            fillRule="evenodd"
            height="12"
            name={undefined}
            role={null}
            style={undefined}
            viewBox="0 0 7 12"
            width="7"
          >
            <title>
              Expand/Collapse
            </title>
            <path
              d="M5.569 5.994L0 .726.687 0l6.336 5.994-6.335 6.002L0 11.27z"
            />
          </svg>
          <div
            className="bx--accordion__title"
          >
            Learn more about the terminology
          </div>
        </button>
        <div
          className="bx--accordion__content"
        >
          <div
            className="bx--tile"
          >
            <p>
              Channels
            </p>
            <p>
              Channels are used ot streamline the deployment model and to separate cluster access. Deployable within one channel will only access clusters that belong to such channel. Placement rules can they be used to target a subset of the clusters.
            </p>
          </div>
          <div
            className="bx--tile"
          >
            <p>
              Channel Gate & Conditions
            </p>
            <p>
              Each channel has certain gate conditions that a deployment hcannel has to meet in order to get deployed to such channel. If the deployment is missing all the required conditions, it will initially shown as "pending" until more deployment conditions are added.
            </p>
          </div>
          <div
            className="bx--tile"
          >
            <p>
              Deployment Conditions
            </p>
            <p>
              Deployment conditions can be added manually or automated based on events outcome. When a deployment has all the conditions that a channel gate requires, it will then be deployed to such channel.
            </p>
          </div>
        </div>
      </li>
    </ul>
  </div>
</div>
`;
